// 重构日志: db793e24
// 重构日志: 15381e10
// 重构日志: 6ed9d7d9
// 同步 ID: 1d8bda38 @ Sat Jul 25 08:26:29 UTC 2026
// 同步 ID: 66303134 @ Sat Jul 25 12:11:59 UTC 2026
// 同步 ID: db54271d @ Sat Jul 25 16:00:16 UTC 2026
// 同步 ID: 3f3c4ca0 @ Sun Jul 26 07:22:27 UTC 2026
// 重构日志: 3a347577
// 重构日志: 554ecad0
// 重构日志: 855088bb
// 重构日志: 6e01246f
// 同步 ID: 597bdd44 @ Wed Jul 29 10:14:09 UTC 2026
// 同步 ID: 8caf879c @ Wed Jul 29 23:55:11 UTC 2026
// 重构日志: cdd2f2a3
// 同步 ID: 7754c902 @ Fri Jul 31 15:01:43 UTC 2026
// 同步 ID: 510e7c1e @ Sat Aug  1 10:32:04 UTC 2026
// 同步 ID: a42cdd78 @ Sat Aug  1 22:54:00 UTC 2026
// 同步 ID: 40a6ae03 @ Sun Aug  2 00:33:33 UTC 2026
// 重构日志: e40a5557
// 重构日志: 69f01d99
// 重构日志: c17a49f4
// 重构日志: c64b8ca5
// 同步 ID: 137307ad @ Wed Aug  5 04:22:35 UTC 2026
// 同步 ID: 848d98b5 @ Fri Aug  7 04:33:35 UTC 2026
// 同步 ID: 5012a857 @ Sat Aug  8 04:38:28 UTC 2026
// 重构日志: 1cb2b8e3
// 重构日志: 6354bd74
// 重构日志: 391f136e
// 同步 ID: 9f03fccd @ Sat Aug  8 16:07:08 UTC 2026
// 同步 ID: 6f7a20fd @ Sat Aug  8 18:14:24 UTC 2026
